C51 COMPILER V8.18   SYSTIMER                                                              06/16/2021 15:05:54 PAGE 1   


C51 COMPILER V8.18, COMPILATION OF MODULE SYSTIMER
OBJECT MODULE PLACED IN .\SysTimer.obj
COMPILER INVOKED BY: C:\Keil\C51\BIN\C51.EXE ..\..\04_02_Source\System\SysTimer.c BROWSE DEBUG OBJECTEXTEND PRINT(.\SysT
                    -imer.lst) OBJECT(.\SysTimer.obj)

line level    source

   1          #include "Common.h"
   2          #include "Telltale.h"
   3          
   4          void Task_1(void);
   5          void Task_2(void);
   6          void Task_3(void);
   7          void Event(void (*event_TBL[])(void));
   8          
   9          U1 u1_BUF_1MS;
  10          F1 St_Temp;
  11          
  12          void (*const MS10_TBL[])(void) = {&Task_1,&Task_2,&Task_3,NULL};
  13          
  14          int main(void)
  15          { 
  16   1              u1_BUF_1MS = (U1)OFF;
  17   1              St_Temp.Bit.b00 = ON;
  18   1              TT_Dr_Init();
  19   1              
  20   1              TMOD = 0x01;
  21   1              IE   = 0x82;
  22   1              TL0  = 0xD8;
  23   1          TH0  = 0xF0;
  24   1              TR0  = 1; 
  25   1              
  26   1              while(1)
  27   1              {
  28   2                if(St_Temp.Bit.b00 == ON)
  29   2                {
  30   3                        Event(MS10_TBL);
  31   3                        St_Temp.Bit.b00 = OFF;
  32   3                        EA = 1;
  33   3                }     
  34   2              }       
  35   1      }
  36          
  37          void Timer0(void) interrupt 1
  38          {
  39   1        St_Temp.Bit.b00 = ON; 
  40   1        TF0 = 0; 
  41   1        TL0  = 0x18;
  42   1        TH0  = 0xFC;
  43   1        EA = 0;
  44   1      }
  45          
  46          void Task_1(void)
  47          {
  48   1              TT_Dr_Write(P1);
  49   1      
  50   1      }
  51          
  52          void Task_2(void)
  53          {
  54   1                                      
C51 COMPILER V8.18   SYSTIMER                                                              06/16/2021 15:05:54 PAGE 2   

  55   1      }
  56          
  57          void Task_3(void)
  58          {
  59   1      
  60   1      }
  61          
  62          
  63          
  64          void Event(void (*const *MS10_TBL)(void))
  65          {
  66   1              for(; *MS10_TBL != 0 ;){
  67   2                      (*MS10_TBL)();
  68   2                      MS10_TBL++;
  69   2              }
  70   1      }
  71          
  72          


MODULE INFORMATION:   STATIC OVERLAYABLE
   CODE SIZE        =    129    ----
   CONSTANT SIZE    =   ----    ----
   XDATA SIZE       =   ----    ----
   PDATA SIZE       =   ----    ----
   DATA SIZE        =     14       3
   IDATA SIZE       =   ----    ----
   BIT SIZE         =   ----    ----
END OF MODULE INFORMATION.


C51 COMPILATION COMPLETE.  0 WARNING(S),  0 ERROR(S)
