C51 COMPILER V8.18   TELLTALE_DRIVER                                                       06/16/2021 21:46:41 PAGE 1   


C51 COMPILER V8.18, COMPILATION OF MODULE TELLTALE_DRIVER
OBJECT MODULE PLACED IN .\Telltale_Driver.obj
COMPILER INVOKED BY: C:\Keil\C51\BIN\C51.EXE ..\..\04_02_Source\Telltale_Driver\Telltale_Driver.c BROWSE INCDIR(..\..\04
                    -_02_Source;..\..\04_02_Source\SysTimer;..\..\04_02_Source\Telltale_Driver) DEBUG OBJECTEXTEND PRINT(.\Telltale_Driver.ls
                    -t) OBJECT(.\Telltale_Driver.obj)

line level    source

   1          #include"Telltale_Driver.prm"   
   2          
   3          void TT_Dr_Init(void)
   4          {
   5   1              D       = HI;
   6   1              CLK = HI;
   7   1              OE      = LO;
   8   1      }
   9          
  10          void TT_Dr_Write(U1 TTData)
  11          {
  12   1              S1 s1_i;
  13   1              OE=LO;
  14   1              for(s1_i = (S1)7; s1_i >= (S1)0; s1_i--)
  15   1              {
  16   2                      D = (TTData>>s1_i)&(U1)0x01;
  17   2                      CLK = LO;
  18   2                      CLK = HI;
  19   2              }
  20   1              OE=HI; 
  21   1      
  22   1      }
  23          
  24          
  25          /*
  26          static void TT_Dr_allTTOn(void);
  27          static void TT_Dr_allTTOff(void);
  28          static void TT_Dr_Lightshow(void);
  29          static void delay(U2 Delay_Time);
  30          */
  31          
  32          
  33          /*
  34          
  35          static void TT_Dr_allTTOn(void)
  36          {
  37                  TT_Dr_Write((U1)0x00);
  38          }
  39          
  40          static void TT_Dr_allTTOff(void)
  41          {
  42                  TT_Dr_Write((U1)0xFF);
  43          }
  44          
  45          static void TT_Dr_Lightshow(void)
  46          {
  47                  U1 u1_i;
  48                  U1 TTData;
  49                  TTData = (U1)0X01;
  50                  for(u1_i = (U1)0; u1_i <= TT_LN; u1_i++)
  51                  {
  52                          TT_Dr_Write(TTData^(U1)0xFF);   
  53                          TTData = TTData<<1;     
C51 COMPILER V8.18   TELLTALE_DRIVER                                                       06/16/2021 21:46:41 PAGE 2   

  54                          delay((U2)0X0064);
  55                  }
  56                  
  57                  TTData = (U1)0X80;
  58                  for(u1_i = (U1)0; u1_i < TT_LN; u1_i++)
  59                  {
  60                          TT_Dr_Write(TTData^(U1)0xFF);   
  61                          TTData = TTData>>1;     
  62                          delay((U2)0X0064);
  63                  }
  64          
  65                  TTData = (U1)0X01;
  66                  for(u1_i = (U1)0; u1_i < TT_LN; u1_i++)
  67                  {
  68                          TT_Dr_Write(TTData);    
  69                          TTData = TTData<<1;     
  70                          delay((U2)0X0064);
  71                  }
  72                  
  73                  TTData = (U1)0X80;
  74                  for(u1_i = (U1)0; u1_i <= TT_LN; u1_i++)
  75                  {
  76                          TT_Dr_Write(TTData);    
  77                          TTData = TTData>>1;     
  78                          delay((U2)0X0064);
  79                  }
  80          }
  81          
  82          static void delay(U2 Delay_Time)
  83          {
  84                  U2 count;  
  85          
  86                  count = (U2)0X0000;
  87          
  88                          while(count<=Delay_Time)
  89                          {
  90                          TMOD=0x01;  
  91                          TH0=0xFC; 
  92                          TL0=0x18; 
  93                          TR0=1;      // Running the timer
  94                          while(!TF0);   //Checking the timer flag register if it is not equal to 1 
  95                          TR0 = 0;      // If TF0=1 stop the timer
  96                          TF0 = 0;      // Clear the Timer Flag bit for next calculation
  97          
  98                          count++;
  99                          }
 100          
 101          }               
 102          */


MODULE INFORMATION:   STATIC OVERLAYABLE
   CODE SIZE        =     40    ----
   CONSTANT SIZE    =   ----    ----
   XDATA SIZE       =   ----    ----
   PDATA SIZE       =   ----    ----
   DATA SIZE        =   ----    ----
   IDATA SIZE       =   ----    ----
   BIT SIZE         =   ----    ----
END OF MODULE INFORMATION.


C51 COMPILATION COMPLETE.  0 WARNING(S),  0 ERROR(S)
